// Jest Snapshot v1, https://goo.gl/fbAQLP

exports[`buildModel buildModel 1`] = `
Array [
  Array [
    "./migrations/1647098090769/index.js",
    "const { Migration } = require('ormius')
class NewMigration extends Migration {

  constructor() {
    super()
    this.modelName='modelTest'
  }

  changes() {
    this.createTable([{\\"type\\":\\"string\\",\\"name\\":\\"test\\"}])
  }
}

module.exports = NewMigration",
    Object {
      "flag": "wx",
    },
  ],
  Array [
    "./models/modelTest/model.js",
    "const { TYPES } = require('ormius')
const model = {
  \\"test\\": {
    \\"type\\": TYPES.STRING
  },
}

const modelName = 'modelTest'

module.exports = {
    model, modelName
}",
    Object {
      "flag": "wx",
    },
  ],
  Array [
    "./models/modelTest/modelTest.js",
    "const { Model } = require('ormius')
const { TYPES } = require('ormius')
const { model, modelName } = require('./model')

class undefined extends Model {
  constructor(ormius) {
    const _model = {
      ...model,
    }
    super(modelName, _model, ormius.connection ? ormius.connection : ormius)
    this.model = model
  }
}

module.exports = {
  undefined
}",
    Object {
      "flag": "wx",
    },
  ],
]
`;

exports[`buildModel buildModel 2`] = `
Array [
  Array [
    "modelTest",
  ],
  Array [
    "modelTest",
  ],
]
`;

exports[`buildModel buildModel 3`] = `
Array [
  Array [
    "./models",
  ],
  Array [
    "./migrations",
  ],
  Array [
    "./migrations/1647098090769",
  ],
  Array [
    "./models/modelTest",
  ],
]
`;

exports[`buildModel generateModel 1`] = `
Array [
  Array [
    [Function],
    "test",
  ],
]
`;
