// Jest Snapshot v1, https://goo.gl/fbAQLP

exports[`ormius connect 1`] = `
Array [
  Array [
    [Function],
  ],
]
`;
